2026-07-09T20:54:12Z - INFO - [MetricsComputator::__init__] Loading triplets from output/triplets_qwen2.5:14b_semi_cleaned_data_summary.csv...
2026-07-09T20:54:12Z - INFO - [MetricsComputator::__init__] Normalizing triplets and filtering invalid rows...
2026-07-09T20:54:12Z - INFO - [MetricsComputator::__init__] Dropped 2 rows due to invalid triplets. Remaining: 127
2026-07-09T20:54:14Z - INFO - [MetricsComputator::compute_metrics] processing 127 amount of triplets
2026-07-09T20:55:47Z - INFO - [MetricsComputator::compute_metrics] 'INTC' 'Advanced Micro Devices Sets a New High' requires reprompt
2026-07-09T20:56:47Z - INFO - [MetricsComputator::compute_metrics] revised triplets : 
self.triplets_df.iloc[row_idx]['output_triplets']="[('Intel', 'COMPANY', 'Missteps Under', None, 'Brian Krzanich', 'CONCEPT'), ('AMD', 'COMPANY', 'Capitalizes On', None, 'Intel Missteps', 'CONCEPT'), ('AMD', 'COMPANY', 'Takes Lead In', None, 'Chip Technology', 'PRODUCT'), ('AMD', 'COMPANY', 'Forms Alliance With', None, 'Taiwan Semiconductor Manufacturing', 'COMPANY'), ('Taiwan Semiconductor Manufacturing', 'COMPANY', 'Fabricates Chips With', None, '7 Nanometer Lines', 'CONCEPT'), ('Hardware', 'PRODUCT', 'Defined By', None, 'Software', 'PRODUCT'), ('Cloud Names', 'CONCEPT', 'Influence In', None, 'Technology Industry', 'SECTOR')]"
[('AMD', 'COMPANY', 'Outperforms', 'GFMK', 'Intel', 'COMPANY'), ('AMD', 'COMPANY', 'Forms Alliance With', 'GFMK', 'Taiwan Semiconductor Manufacturing Company', 'COMPANY'), ('Apple', 'COMPANY', 'Enters Competition With', 'SSI', 'AMD', 'COMPANY'), ('Apple', 'COMPANY', 'Uses Technology From', 'GMM', 'Taiwan Semiconductor Manufacturing Company', 'COMPANY'), ('Intel', 'COMPANY', 'Struggles To Catch Up With', 'GFMK', 'AMD', 'COMPANY'), ('TSMC', 'COMPANY', 'Produces Chips For', 'GMM', 'Apple', 'COMPANY')]
2026-07-09T20:56:47Z - INFO - [MetricsComputator::compute_metrics] 'INTC' 'Advanced Micro Devices Sets a New High' revised triplets updated.
2026-07-09T20:56:47Z - INFO - [MetricsComputator::save_partial] Saved partial progress to output/triplets_qwen2.5:14b_semi_cleaned_data_summary_JudgeLLM_metrics_computation.csv
2026-07-09T20:58:27Z - INFO - [MetricsComputator::compute_metrics] 'INTC' 'AMD Stock Will Ride Its Lead on Intel to More Long-Term Profitability' requires reprompt
2026-07-09T20:59:32Z - INFO - [MetricsComputator::compute_metrics] revised triplets : 
self.triplets_df.iloc[row_idx]['output_triplets']="[('AMD', 'COMPANY', 'Competes With', None, 'Intel', 'COMPANY'), ('AMD', 'COMPANY', 'Increases Market Share', None, 'Cloud Companies', 'CONCEPT')]"
[('AMD', 'COMPANY', 'Surpass', 'SSI', 'Intel', 'COMPANY'), ('AMD', 'COMPANY', 'Forecast', 'GFMK', 'Revenue Growth', 'ECON_INDICATOR'), ('Cloud Companies', 'CONCEPT', 'Adopt', 'GMM', 'AMD Chips', 'PRODUCT'), ('Ryzen Chip', 'PRODUCT', 'Produce', 'SSI', 'AMD', 'COMPANY')]
2026-07-09T20:59:32Z - INFO - [MetricsComputator::compute_metrics] 'INTC' 'AMD Stock Will Ride Its Lead on Intel to More Long-Term Profitability' revised triplets updated.
2026-07-09T21:01:26Z - INFO - [MetricsComputator::compute_metrics] 'TXN' 'Better Buy: NXP Semiconductors vs. Texas Instruments' requires reprompt
2026-07-09T21:02:56Z - INFO - [MetricsComputator::compute_metrics] revised triplets : 
self.triplets_df.iloc[row_idx]['output_triplets']="[('ChineseAmerican Trade War', 'CONCEPT', 'Limits', None, 'Demand For', 'CONCEPT'), ('Texas Instruments', 'COMPANY', 'Produces', None, 'Analog And Embedded Chips', 'PRODUCT'), ('Analog And Embedded Chips', 'PRODUCT', 'Used In', None, 'Automotive Computing', 'SECTOR'), ('ChineseAmerican Trade War', 'CONCEPT', 'Negative Impact On', None, 'Texas Instruments', 'COMPANY'), ('Texas Instruments', 'COMPANY', 'Experiences Weakness In', None, 'Automotive Computing Sector', 'SECTOR')]"
[('Texas Instruments', 'COMPANY', 'Has Lower Valuation Than', 'GFMK', 'NXP Semiconductors', 'COMPANY'), ('NXP Semiconductors', 'COMPANY', 'Experienced Higher Return In Previous Year', 'GFMK', 'Texas Instruments', 'COMPANY'), ('ChineseAmerican Trade War', 'CONCEPT', 'Impacts Revenue Of', 'SSI', 'Texas Instruments', 'COMPANY'), ('ChineseAmerican Trade War', 'CONCEPT', 'Impacts Profitability Of', 'SSI', 'NXP Semiconductors', 'COMPANY'), ('Automotive Computing Sector', 'SECTOR', 'Experiences Weakness Due To', 'GMM', 'ChineseAmerican Trade War', 'CONCEPT'), ('Texas Instruments', 'COMPANY', 'Produces Analog And Embedded Chips For', 'GFMK', 'Automotive Computing', 'SECTOR'), ('NXP Semiconductors', 'COMPANY', 'Invests In New Growth Markets With More Conviction Than', 'GMM', 'Texas Instruments', 'COMPANY')]
2026-07-09T21:02:56Z - INFO - [MetricsComputator::compute_metrics] 'TXN' 'Better Buy: NXP Semiconductors vs. Texas Instruments' revised triplets updated.
2026-07-09T21:05:16Z - INFO - [MetricsComputator::compute_metrics] AMD Jeff Clark’s Market Minute: These Stocks Will Carry the Market in 2020 requires human review
self.triplets_df.iloc[row_idx]['output_triplets']="[('AMD', 'COMPANY', 'Trades At', None, 'Earnings Multiple', 'FININSTRUMENTINFO'), ('AMD', 'COMPANY', 'Has Positive Performance', None, 'Future Prospects', 'CONCEPT'), ('Teva', 'COMPANY', 'Has Lower Earnings Multiple Than', None, 'AMD', 'COMPANY')]"

2026-07-09T21:07:22Z - INFO - [MetricsComputator::compute_metrics] AMD June 2021 Options Now Available For Advanced Micro Devices (AMD) requires human review
self.triplets_df.iloc[row_idx]['output_triplets']="[('Advanced Micro Devices Inc', 'COMPANY', 'Has', None, 'Trailing Twelve Month Trading History', 'FININSTRUMENTINFO'), ('5000 Strike Call Option', 'DERIVATIVE', 'Represents', None, 'Approximate 4 Premium', 'CONCEPT'), ('5000 Strike Call Option', 'DERIVATIVE', 'Is Out Of The Money By', None, 'Percentage', 'CONCEPT'), ('Investors', 'CONCEPT', 'Begin Trading', None, 'New Options', 'FININSTRUMENTINFO')]"

2026-07-09T21:09:59Z - INFO - [MetricsComputator::compute_metrics] AMD Wait for a Better Price on Apple Stock requires human review
self.triplets_df.iloc[row_idx]['output_triplets']="[('Apple', 'COMPANY', 'Trades With', None, 'Market Cap', 'FININSTRUMENTINFO'), ('Microsoft', 'COMPANY', 'Trades With', None, 'Market Cap', 'FININSTRUMENTINFO'), ('Apple', 'COMPANY', 'Generates', None, 'Cash Flow', 'ECONINDICATOR'), ('Cash Flow', 'ECONINDICATOR', 'Equals', None, '59 Billion', 'FININSTRUMENTINFO')]"

2026-07-09T21:11:50Z - INFO - [MetricsComputator::compute_metrics] AMD Notable Friday Option Activity: AMD, AZO, YELP requires human review
self.triplets_df.iloc[row_idx]['output_triplets']="[('Traders', 'CONCEPT', 'Buy', None, '49 Strike Call Option', 'DERIVATIVE'), ('49 Strike Call Option', 'DERIVATIVE', 'Derives Value From', None, 'AMD', 'COMPANY'), ('Call Option Volume', 'FININSTRUMENTINFO', 'Signifies', None, 'Bullish Sentiment', 'CONCEPT')]"

2026-07-09T21:14:19Z - INFO - [MetricsComputator::compute_metrics] AMD Why Advanced Micro Devices Stock Can Keep Rising requires human review
self.triplets_df.iloc[row_idx]['output_triplets']="[('Advanced Micro Devices', 'COMPANY', 'Gains Market Share', None, 'Intel', 'COMPANY'), ('Advanced Micro Devices', 'COMPANY', 'Gains Market Share', None, 'Nvidia', 'COMPANY'), ('Global Semiconductor Market', 'SECTOR', 'Grows Sales At', None, 'Low SingleDigit Pace', 'CONCEPT'), ('Advanced Micro Devices', 'COMPANY', 'Projects As', None, 'Revenue Growth', 'ECONINDICATOR')]"

2026-07-09T21:17:02Z - INFO - [MetricsComputator::compute_metrics] MU 3 Top Artificial Intelligence Stocks to Watch in January requires human review
self.triplets_df.iloc[row_idx]['output_triplets']="[('NVIDIA', 'COMPANY', 'Is On', None, 'AI Investor Watch Lists', 'CONCEPT'), ('Arista Networks', 'COMPANY', 'Is On', None, 'AI Investor Watch Lists', 'CONCEPT'), ('Micron Technology', 'COMPANY', 'Is On', None, 'AI Investor Watch Lists', 'CONCEPT'), ('NVIDIA', 'COMPANY', 'Includes', None, 'Software', 'PRODUCT'), ('NVIDIA', 'COMPANY', 'Expands Into', None, 'SelfDriving Cars', 'SECTOR'), ('NVIDIA', 'COMPANY', 'Expands Into', None, 'Robotics', 'CONCEPT'), ('NVIDIA', 'COMPANY', 'Expands Into', None, 'Healthcare Imaging', 'PRODUCT'), ('NVIDIA', 'COMPANY', 'Expands Into', None, 'Retail Operations Management', 'CONCEPT')]"

2026-07-09T21:19:24Z - INFO - [MetricsComputator::compute_metrics] 'AMAT' '2 Top 5G Stocks to Buy in 2020' requires reprompt
2026-07-09T21:20:48Z - INFO - [MetricsComputator::compute_metrics] revised triplets : 
self.triplets_df.iloc[row_idx]['output_triplets']="[('Apple', 'COMPANY', 'Offers', None, 'iPhone SE 2', 'PRODUCT'), ('iPhone SE 2', 'PRODUCT', 'Has Option For', None, 'MultiTiered Pricing Approach', 'CONCEPT'), ('Strong Investment', 'CONCEPT', 'Driven By', None, '5G Roadmap', 'CONCEPT'), ('5G Roadmap', 'CONCEPT', 'Positive Impact On', None, 'Performance', 'ECONINDICATOR'), ('Foundry Logic Customers', 'COMPANY', 'Invests In', None, 'Key Geographies', 'CONCEPT'), ('Applied Materials', 'COMPANY', 'Benefits From', None, 'Strong Investment', 'CONCEPT')]"
[('Apple', 'COMPANY', 'Produces', 'SSI', 'Budget-Friendly iPhone SE 2', 'PRODUCT'), ('Apple', 'COMPANY', 'Captures', 'SSI', 'Top Spot In 5G Smartphones', 'FIN_INSTRUMENT_INFO'), ('Applied Materials', 'COMPANY', 'Benefits From', 'SSI', 'Increased Demand For Semiconductor Fabrication Equipment', 'CONCEPT'), ('5G Roadmap', 'CONCEPT', 'Impacts', 'SSI', 'Foundry Logic Customers Investment', 'ECON_INDICATOR')]
2026-07-09T21:20:48Z - INFO - [MetricsComputator::compute_metrics] 'AMAT' '2 Top 5G Stocks to Buy in 2020' revised triplets updated.
2026-07-09T21:22:56Z - INFO - [MetricsComputator::compute_metrics] 'INTC' '3 Reasons Why AMD Was the S&P 500's Top Stock in 2019' requires reprompt
2026-07-09T21:24:42Z - INFO - [MetricsComputator::compute_metrics] revised triplets : 
self.triplets_df.iloc[row_idx]['output_triplets']="[('Advanced Micro Designs', 'COMPANY', 'Gains Market Share From', None, 'Intel', 'COMPANY'), ('Sony', 'COMPANY', 'Uses Technology From', None, 'Advanced Micro Devices', 'COMPANY'), ('Microsoft', 'COMPANY', 'Uses Technology From', None, 'Advanced Micro Devices', 'COMPANY')]"
[('Advanced Micro Devices', 'COMPANY', 'Gains Market Share From', 'SSI', 'Intel', 'COMPANY'), ('Sony', 'COMPANY', 'Uses Technology From', 'SSI', 'Advanced Micro Devices', 'COMPANY'), ('Microsoft', 'COMPANY', 'Announces Product With', 'SSI', 'Advanced Micro Devices', 'COMPANY'), ('HP', 'COMPANY', 'Continues To Use', 'SSI', 'Advanced Micro Devices', 'PRODUCT'), ('Dell Technologies', 'COMPANY', 'Continues To Use', 'SSI', 'Advanced Micro Devices', 'PRODUCT'), ('AMD Ryzen Line', 'PRODUCT', 'Offers Superior Price Compared To', 'SSI', 'Intel CPU', 'PRODUCT'), ('Microsoft Surface Laptop', 'PRODUCT', 'Powered By', 'SSI', 'Advanced Micro Devices', 'PRODUCT'), ('Radeon RX 5500 Line', 'PRODUCT', 'Competes With', 'SSI', 'NVIDIA GTX 1650', 'PRODUCT')]
2026-07-09T21:24:42Z - INFO - [MetricsComputator::compute_metrics] 'INTC' '3 Reasons Why AMD Was the S&P 500's Top Stock in 2019' revised triplets updated.
2026-07-09T21:24:42Z - INFO - [MetricsComputator::save_partial] Saved partial progress to output/triplets_qwen2.5:14b_semi_cleaned_data_summary_JudgeLLM_metrics_computation.csv
2026-07-09T21:27:11Z - INFO - [MetricsComputator::compute_metrics] QCOM What's Responsible For The 25% Jump In Skyworks' Stock In December? requires human review
self.triplets_df.iloc[row_idx]['output_triplets']="[('Skyworks Solutions', 'COMPANY', 'Manufactures', None, 'Semiconductors', 'PRODUCT'), ('Semiconductors', 'PRODUCT', 'Used In', None, 'Radio Frequency Systems', 'CONCEPT'), ('Semiconductors', 'PRODUCT', 'Used In', None, 'Mobile Communications Systems', 'CONCEPT'), ('Skyworks Solutions', 'COMPANY', 'Sells To', None, 'Apple Corporation', 'COMPANY'), ('Bank of America  Merrill Lynch', 'FINANCIALENTITY', 'Changes Rating From', None, 'Underperform', 'CONCEPT'), ('Bank of America  Merrill Lynch', 'FINANCIALENTITY', 'Issues Rating As', None, 'Buy', 'CONCEPT'), ('Skyworks Solutions', 'COMPANY', 'Will Be Beneficiary Of', None, '5G Rollout', 'CONCEPT'), ('5G Rollout', 'CONCEPT', 'Results In', None, 'Investment', 'FININSTRUMENTINFO'), ('Mobile Manufacturers', 'CONCEPT', 'Are Customers Of', None, 'Skyworks Solutions', 'COMPANY')]"

2026-07-09T21:29:17Z - INFO - [MetricsComputator::compute_metrics] INTC Can Anything Stop the Rise of AMD? requires human review
self.triplets_df.iloc[row_idx]['output_triplets']="[('Advanced Micro Devices', 'COMPANY', 'More Talked About Than', None, 'Intel Corporation', 'COMPANY'), ('AMD', 'STOCKTICKER', 'Doubles In Value', None, 'Stock Price', 'FININSTRUMENTINFO'), ('Advanced Micro Devices', 'COMPANY', 'Pulls Back From', None, 'Crypto Equipment', 'PRODUCT'), ('Advanced Micro Devices', 'COMPANY', 'Divests Revenues From', None, 'Q1 2018 Crypto Revenue', 'FININSTRUMENTINFO'), ('Advanced Micro Devices', 'COMPANY', 'Invests In', None, '7 nm Ryzen Processors', 'PRODUCT'), ('Advanced Micro Devices', 'COMPANY', 'Invests In', None, 'Radeon Processors', 'PRODUCT'), ('Advanced Micro Devices', 'COMPANY', 'Invests In', None, 'EPYC Processors', 'PRODUCT')]"

2026-07-09T21:31:17Z - INFO - [MetricsComputator::compute_metrics] MU SOXX, AMD, MU, LRCX: Large Outflows Detected at ETF requires human review
self.triplets_df.iloc[row_idx]['output_triplets']="[('Advanced Micro Devices Inc', 'COMPANY', 'Increases', None, 'Stock Price', 'FININSTRUMENTINFO'), ('Micron Technology Inc', 'COMPANY', 'Decreases', None, 'Stock Price', 'FININSTRUMENTINFO'), ('Lam Research Corp', 'COMPANY', 'Decreases', None, 'Stock Price', 'FININSTRUMENTINFO'), ('SOXX', 'FININSTRUMENTINFO', 'Represents Holdings Of', None, 'Semiconductor Companies', 'SECTOR'), ('SOXX', 'FININSTRUMENTINFO', 'Tracks Performance Against', None, '200 Day Moving Average', 'CONCEPT'), ('SOXX', 'FININSTRUMENTINFO', 'Has Low Point In Range', None, '15523', 'MACROINDICATOR'), ('SOXX', 'FININSTRUMENTINFO', 'Has High Point In Range', None, '25629', 'MACROINDICATOR')]"

2026-07-09T21:33:08Z - INFO - [MetricsComputator::compute_metrics] TSM Notable ETF Inflow Detected - SMH, TSM, INTC, TXN requires human review
self.triplets_df.iloc[row_idx]['output_triplets']="[('TSM', 'STOCKTICKER', 'Increases By', None, '12', 'FININSTRUMENTINFO'), ('INTC', 'STOCKTICKER', 'Decreases By', None, '11', 'FININSTRUMENTINFO'), ('TXN', 'STOCKTICKER', 'Increases By', None, '25', 'FININSTRUMENTINFO'), ('SMH Holdings', 'CONCEPT', 'Includes', None, 'TSM', 'STOCKTICKER'), ('SMH Holdings', 'CONCEPT', 'Includes', None, 'INTC', 'STOCKTICKER'), ('SMH Holdings', 'CONCEPT', 'Includes', None, 'TXN', 'STOCKTICKER'), ('SMH', 'FININSTRUMENTINFO', 'Tracks', None, 'Semiconductor Sector', 'SECTOR'), ('SMH', 'FININSTRUMENTINFO', 'Has 52 Week Low', None, '8649', 'CURRENCY'), ('SMH', 'FININSTRUMENTINFO', 'Has 52 Week High', None, '14494', 'CURRENCY'), ('SMH', 'FININSTRUMENTINFO', 'Last Trade Price', None, '14291', 'CURRENCY')]"

